// Jest Snapshot v1, https://goo.gl/fbAQLP

exports[`Agregar nuevo expense COMPONENTE Ejecutar guardar props 1`] = `
<div>
  <h1>
    Agregar nuevo Expense
  </h1>
  <FormularioExpense
    guardar={[MockFunction]}
  />
</div>
`;
